// Jest Snapshot v1, https://goo.gl/fbAQLP

exports[`renders correctly 1`] = `
<div>
  <div
    className="main-page"
  >
    <div
      className="vertical-main"
    >
      <ul
        className="tabList"
      >
        <li>
          <div>
            <button
              checked={false}
              className="tab-button"
              onClick={[Function]}
              type="Button"
            >
               
              Fjell
               
            </button>
          </div>
        </li>
        <li>
          <div>
            <button
              checked={false}
              className="tab-button"
              onClick={[Function]}
              type="Button"
            >
               
              Sjø
               
            </button>
          </div>
        </li>
        <li>
          <div>
            <button
              checked={false}
              className="tab-button"
              onClick={[Function]}
              type="Button"
            >
               
              By
               
            </button>
          </div>
        </li>
        <li>
          <div>
            <button
              checked={false}
              className="tab-button"
              onClick={[Function]}
              type="Button"
            >
               
              Skog
               
            </button>
          </div>
        </li>
      </ul>
      <div
        className="DisplaySection-container"
      >
        <h1>
          Fjell
        </h1>
        <div
          className="text-sound"
        >
          <div>
            <audio
              autoPlay={true}
              controls={true}
              preload="auto"
            >
              <source
                src="coolsound.mp3"
                type="audio/mpeg"
              />
              Your browser does not support the audio element.
            </audio>
          </div>
          <div>
            <p>
              Text is loading...
            </p>
          </div>
          <div
            dangerouslySetInnerHTML={
              Object {
                "__html": Array [],
              }
            }
          />
        </div>
      </div>
    </div>
    <ul
      className="selectorSection"
    >
      <li>
        <h3>
          Bilde
        </h3>
        <ul
          className="checkboxSection"
        >
          <li>
            <label
              className="container"
            >
              <input
                checked={true}
                className="checkbox"
                onChange={[Function]}
                type="radio"
              />
              <span
                className="checkmark"
              />
              <div>
                Minimalistisk
              </div>
            </label>
          </li>
          <li>
            <label
              className="container"
            >
              <input
                checked={false}
                className="checkbox"
                onChange={[Function]}
                type="radio"
              />
              <span
                className="checkmark"
              />
              <div>
                Naturlig
              </div>
            </label>
          </li>
          <li>
            <label
              className="container"
            >
              <input
                checked={false}
                className="checkbox"
                onChange={[Function]}
                type="radio"
              />
              <span
                className="checkmark"
              />
              <div>
                Abstrakt
              </div>
            </label>
          </li>
        </ul>
      </li>
      <li>
        <h3>
          Lyd
        </h3>
        <ul
          className="checkboxSection"
        >
          <li>
            <label
              className="container"
            >
              <input
                checked={true}
                className="checkbox"
                onChange={[Function]}
                type="radio"
              />
              <span
                className="checkmark"
              />
              <div>
                Opphold
              </div>
            </label>
          </li>
          <li>
            <label
              className="container"
            >
              <input
                checked={false}
                className="checkbox"
                onChange={[Function]}
                type="radio"
              />
              <span
                className="checkmark"
              />
              <div>
                Regn
              </div>
            </label>
          </li>
          <li>
            <label
              className="container"
            >
              <input
                checked={false}
                className="checkbox"
                onChange={[Function]}
                type="radio"
              />
              <span
                className="checkmark"
              />
              <div>
                Storm
              </div>
            </label>
          </li>
        </ul>
      </li>
      <li>
        <h3>
          Tekst
        </h3>
        <ul
          className="checkboxSection"
        >
          <li>
            <label
              className="container"
            >
              <input
                checked={true}
                className="checkbox"
                onChange={[Function]}
                type="radio"
              />
              <span
                className="checkmark"
              />
              <div>
                Dikt
              </div>
            </label>
          </li>
          <li>
            <label
              className="container"
            >
              <input
                checked={false}
                className="checkbox"
                onChange={[Function]}
                type="radio"
              />
              <span
                className="checkmark"
              />
              <div>
                Haiku
              </div>
            </label>
          </li>
          <li>
            <label
              className="container"
            >
              <input
                checked={false}
                className="checkbox"
                onChange={[Function]}
                type="radio"
              />
              <span
                className="checkmark"
              />
              <div>
                Sangtekst
              </div>
            </label>
          </li>
        </ul>
      </li>
    </ul>
  </div>
</div>
`;
